e: file:///C:/Users/Serge/source/family_finance/app/src/test/java/com/familyfinance/domain/usecase/GetAccountBalancesUseCaseTest.kt:72:13 Class 'FakeFinanceRepository' is not abstract and does not implement abstract member public abstract suspend fun isAccountKeyTaken(name: String, currency: String, ownerLabel: String?): Boolean defined in com.familyfinance.domain.repository.FinanceRepository
e: file:///C:/Users/Serge/source/family_finance/app/src/test/java/com/familyfinance/domain/usecase/GetAccountBalancesUseCaseTest.kt:80:9 'isAccountUnique' overrides nothing
e: file:///C:/Users/Serge/source/family_finance/app/src/test/java/com/familyfinance/domain/usecase/SaveSplitReceiptUseCaseTest.kt:57:13 Class 'FakeFinanceRepository' is not abstract and does not implement abstract member public abstract suspend fun isAccountKeyTaken(name: String, currency: String, ownerLabel: String?): Boolean defined in com.familyfinance.domain.repository.FinanceRepository
e: file:///C:/Users/Serge/source/family_finance/app/src/test/java/com/familyfinance/domain/usecase/SaveSplitReceiptUseCaseTest.kt:64:9 'isAccountUnique' overrides nothing
e: file:///C:/Users/Serge/source/family_finance/app/src/test/java/com/familyfinance/domain/usecase/SaveTransferUseCaseTest.kt:91:13 Class 'FakeFinanceRepository' is not abstract and does not implement abstract member public abstract suspend fun isAccountKeyTaken(name: String, currency: String, ownerLabel: String?): Boolean defined in com.familyfinance.domain.repository.FinanceRepository
e: file:///C:/Users/Serge/source/family_finance/app/src/test/java/com/familyfinance/domain/usecase/SaveTransferUseCaseTest.kt:98:9 'isAccountUnique' overrides nothing
e: file:///C:/Users/Serge/source/family_finance/app/src/test/java/com/familyfinance/ui/settings/SettingsViewModelTest.kt:46:33 Unresolved reference: isAccountUnique

FAILURE: Build failed with an exception.

* What went wrong:
Execution failed for task ':app:compileDebugUnitTestKotlin'.
> A failure occurred while executing org.jetbrains.kotlin.compilerRunner.GradleCompilerRunnerWithWorkers$GradleKotlinCompilerWorkAction
   > Compilation error. See log for more details

* Try:
> Run with --stacktrace option to get the stack trace.
> Run with --info or --debug option to get more log output.
> Run with --scan to get full insights.
> Get more help at https://help.gradle.org.

BUILD FAILED in 2s
